using Microsoft.Data.Entity;
using Microsoft.Data.Entity.Metadata;

namespace E2E.MySql
{
    public partial class ManyToManyAttributesContext : DbContext
    {
        protected override void OnConfiguring(DbContextOptionsBuilder options)
        {
            options.UseMySql(@"Data Source=ManyToManyAttributes.db;Cache=Private");
        }

        protected override void OnModelCreating(ModelBuilder modelBuilder)
        {
        }

        public virtual DbSet<Groups> Groups { get; set; }
        public virtual DbSet<Users> Users { get; set; }
        public virtual DbSet<Users_Groups> Users_Groups { get; set; }
    }
}