using System;
using System.Collections.Generic;

namespace E2E.MySql
{
    public partial class User
    {
        public User()
        {
            Comment = new HashSet<Comment>();
        }

        public long Id { get; set; }
        public long AltId { get; set; }

        public virtual ICollection<Comment> Comment { get; set; }
    }
}
