using Microsoft.Data.Entity;
using Microsoft.Data.Entity.Metadata;

namespace E2E.MySql
{
    public partial class OneToOneFluentApiContext : DbContext
    {
        protected override void OnConfiguring(DbContextOptionsBuilder options)
        {
            options.UseMySql(@"Data Source=OneToOneFluentApi.db;Cache=Private");
        }

        protected override void OnModelCreating(ModelBuilder modelBuilder)
        {
            modelBuilder.Entity<Dependent>(entity =>
            {
                entity.Property(e => e.Id).HasColumnType("INT");

                entity.Property(e => e.PrincipalId).HasColumnType("INT");

                entity.HasOne(d => d.Principal).WithOne(p => p.Dependent).HasForeignKey<Dependent>(d => d.PrincipalId).OnDelete(DeleteBehavior.Restrict);
            });
        }

        public virtual DbSet<Dependent> Dependent { get; set; }
        public virtual DbSet<Principal> Principal { get; set; }
    }
}