using System;
using System.Collections.Generic;

namespace E2E.MySql
{
    public partial class Principal
    {
        public long Id { get; set; }

        public virtual Dependent Dependent { get; set; }
    }
}
