using System;
using System.Collections.Generic;
using System.ComponentModel.DataAnnotations;
using System.ComponentModel.DataAnnotations.Schema;

namespace E2E.MySql
{
    public partial class Dependent
    {
        public string Id { get; set; }
        public long? PrincipalId { get; set; }
    }
}
