using Microsoft.Data.Entity;
using Microsoft.Data.Entity.Metadata;

namespace E2E.MySql
{
    public partial class FkToAltKeyContext : DbContext
    {
        protected override void OnConfiguring(DbContextOptionsBuilder options)
        {
            options.UseMySql(@"Data Source=FkToAltKeyAttributes.db;Cache=Private");
        }

        protected override void OnModelCreating(ModelBuilder modelBuilder)
        {
            modelBuilder.Entity<Comment>(entity =>
            {
                entity.HasOne(d => d.UserAlt).WithMany(p => p.Comment).HasPrincipalKey(p => p.AltId).HasForeignKey(d => d.UserAltId).OnDelete(DeleteBehavior.Restrict);
            });
        }

        public virtual DbSet<Comment> Comment { get; set; }
        public virtual DbSet<User> User { get; set; }
    }
}